***************************************************************************************************** 
* WARNING: The 2022 software stack is deprecated. Please consider switching to
the latest 2024 * 
* software stack, or the older 2023 software stack. * 
* * 
* If you have any question, please contact us via
http://servicedesk.surfsara.nl. * 
***************************************************************************************************** 
Lmod Warning:
-------------------------------------------------------------------------------
The following dependent module(s) are not currently loaded: OpenSSL/1.1
(required by: nodejs/16.15.1-GCCcore-11.3.0)
-------------------------------------------------------------------------------



To connect to the notebook type the following command into your local terminal:
ssh -N -J tpelletreaudur@int4-pub.snellius.surf.nl tpelletreaudur@tcn1107.local.snellius.surf.nl -L 5999:localhost:5999

After connection is established in your local browser go to the address:
http://localhost:5999
[I 12:26:45.115 NotebookApp] Serving notebooks from local directory: /gpfs/home3/tpelletreaudur/Probing-GNN-representations
[I 12:26:45.115 NotebookApp] Jupyter Notebook 6.4.0 is running at:
[I 12:26:45.115 NotebookApp] http://localhost:5999/?token=9931a42c20ce63950a080f3e9d495971323511910508037e
[I 12:26:45.115 NotebookApp]  or http://127.0.0.1:5999/?token=9931a42c20ce63950a080f3e9d495971323511910508037e
[I 12:26:45.115 NotebookApp] Use Control-C to stop this server and shut down all kernels (twice to skip confirmation).
[C 12:26:45.121 NotebookApp] 
    
    To access the notebook, open this file in a browser:
        file:///gpfs/home3/tpelletreaudur/.local/share/jupyter/runtime/nbserver-2229229-open.html
    Or copy and paste one of these URLs:
        http://localhost:5999/?token=9931a42c20ce63950a080f3e9d495971323511910508037e
     or http://127.0.0.1:5999/?token=9931a42c20ce63950a080f3e9d495971323511910508037e
[I 12:30:58.129 NotebookApp] 302 GET /?token=9931a42c20ce63950a080f3e9d495971323511910508037e (::1) 0.480000ms
/sw/arch/RHEL8/EB_production/2022/software/Python/3.10.4-GCCcore-11.3.0/lib/python3.10/json/encoder.py:257: UserWarning: date_default is deprecated since jupyter_client 7.0.0. Use jupyter_client.jsonutil.json_default.
  return _iterencode(o, 0)
[W 12:31:14.537 NotebookApp] Notebook Probing_GIN_SA.ipynb is not trusted
Exception in callback Task.task_wakeup(<Future finis...7858\r\n\r\n'>)
handle: <Handle Task.task_wakeup(<Future finis...7858\r\n\r\n'>)>
Traceback (most recent call last):
  File "/sw/arch/RHEL8/EB_production/2022/software/Python/3.10.4-GCCcore-11.3.0/lib/python3.10/asyncio/events.py", line 80, in _run
    self._context.run(self._callback, *self._args)
RuntimeError: Cannot enter into task <Task pending name='Task-43' coro=<HTTP1ServerConnection._server_request_loop() running at /sw/arch/RHEL8/EB_production/2022/software/IPython/8.5.0-GCCcore-11.3.0/lib/python3.10/site-packages/tornado/http1connection.py:825> wait_for=<Future finished result=b'GET /api/co...17858\r\n\r\n'> cb=[IOLoop.add_future.<locals>.<lambda>() at /sw/arch/RHEL8/EB_production/2022/software/IPython/8.5.0-GCCcore-11.3.0/lib/python3.10/site-packages/tornado/ioloop.py:687]> while another task <Task pending name='Task-2' coro=<KernelManager._async_start_kernel() running at /sw/arch/RHEL8/EB_production/2022/software/IPython/8.5.0-GCCcore-11.3.0/lib/python3.10/site-packages/jupyter_client/manager.py:75>> is being executed.
Exception in callback Task.task_wakeup(<Future finis...7858\r\n\r\n'>)
handle: <Handle Task.task_wakeup(<Future finis...7858\r\n\r\n'>)>
Traceback (most recent call last):
  File "/sw/arch/RHEL8/EB_production/2022/software/Python/3.10.4-GCCcore-11.3.0/lib/python3.10/asyncio/events.py", line 80, in _run
    self._context.run(self._callback, *self._args)
RuntimeError: Cannot enter into task <Task pending name='Task-38' coro=<HTTP1ServerConnection._server_request_loop() running at /sw/arch/RHEL8/EB_production/2022/software/IPython/8.5.0-GCCcore-11.3.0/lib/python3.10/site-packages/tornado/http1connection.py:825> wait_for=<Future finished result=b'GET /kernel...17858\r\n\r\n'> cb=[IOLoop.add_future.<locals>.<lambda>() at /sw/arch/RHEL8/EB_production/2022/software/IPython/8.5.0-GCCcore-11.3.0/lib/python3.10/site-packages/tornado/ioloop.py:687]> while another task <Task pending name='Task-2' coro=<KernelManager._async_start_kernel() running at /sw/arch/RHEL8/EB_production/2022/software/IPython/8.5.0-GCCcore-11.3.0/lib/python3.10/site-packages/jupyter_client/manager.py:75>> is being executed.
[I 12:31:15.681 NotebookApp] Kernel started: 4aa8af21-9dff-46c4-8cad-3b57a40d058f, name: python3
[W 12:31:15.932 NotebookApp] 404 GET /static/components/codemirror/mode/plaintext/plaintext.js?v=20250825122644 (::1) 10.670000ms referer=http://localhost:5999/notebooks/Probing_GIN_SA.ipynb
[IPKernelApp] ERROR | No such comm target registered: jupyter.widget.control
[IPKernelApp] WARNING | No such comm: a921973b-b206-4add-8dae-4b8024f9495a
[I 12:33:15.836 NotebookApp] Saving file at /Probing_GIN_SA.ipynb
[W 12:33:15.837 NotebookApp] Notebook Probing_GIN_SA.ipynb is not trusted
[W 13:31:46.481 NotebookApp] WebSocket ping timeout after 119969 ms.
[I 13:31:51.485 NotebookApp] Starting buffering for 4aa8af21-9dff-46c4-8cad-3b57a40d058f:852c29c8df924d62868d53866f664802
[I 13:32:16.632 NotebookApp] Restoring connection for 4aa8af21-9dff-46c4-8cad-3b57a40d058f:852c29c8df924d62868d53866f664802
[I 17:55:16.211 NotebookApp] Saving file at /Probing_GIN_SA.ipynb
[W 17:55:16.213 NotebookApp] Notebook Probing_GIN_SA.ipynb is not trusted
[I 17:57:16.171 NotebookApp] Saving file at /Probing_GIN_SA.ipynb
[W 17:57:16.172 NotebookApp] Notebook Probing_GIN_SA.ipynb is not trusted
[I 17:59:16.196 NotebookApp] Saving file at /Probing_GIN_SA.ipynb
[W 17:59:16.197 NotebookApp] Notebook Probing_GIN_SA.ipynb is not trusted
[I 18:01:16.178 NotebookApp] Saving file at /Probing_GIN_SA.ipynb
[W 18:01:16.179 NotebookApp] Notebook Probing_GIN_SA.ipynb is not trusted
[I 18:03:16.175 NotebookApp] Saving file at /Probing_GIN_SA.ipynb
[W 18:03:16.176 NotebookApp] Notebook Probing_GIN_SA.ipynb is not trusted
[I 18:05:16.229 NotebookApp] Saving file at /Probing_GIN_SA.ipynb
[W 18:05:16.230 NotebookApp] Notebook Probing_GIN_SA.ipynb is not trusted
[I 18:09:16.998 NotebookApp] Saving file at /Probing_GIN_SA.ipynb
[W 18:09:17.001 NotebookApp] Notebook Probing_GIN_SA.ipynb is not trusted
[I 18:24:59.169 NotebookApp] Starting buffering for 4aa8af21-9dff-46c4-8cad-3b57a40d058f:852c29c8df924d62868d53866f664802
[W 18:24:59.830 NotebookApp] Notebook Probing_GIN_SA.ipynb is not trusted
[W 18:25:02.589 NotebookApp] 404 GET /static/components/codemirror/mode/plaintext/plaintext.js?v=20250825122644 (::1) 1.790000ms referer=http://localhost:5999/notebooks/Probing_GIN_SA.ipynb
[I 18:29:02.400 NotebookApp] Saving file at /Probing_GIN_SA.ipynb
[W 18:29:02.401 NotebookApp] Notebook Probing_GIN_SA.ipynb is not trusted
[I 18:31:02.442 NotebookApp] Saving file at /Probing_GIN_SA.ipynb
[W 18:31:02.442 NotebookApp] Notebook Probing_GIN_SA.ipynb is not trusted
[I 18:33:02.470 NotebookApp] Saving file at /Probing_GIN_SA.ipynb
[W 18:33:02.471 NotebookApp] Notebook Probing_GIN_SA.ipynb is not trusted
[I 18:34:12.516 NotebookApp] Saving file at /Probing_GIN_SA.ipynb
[W 18:34:12.517 NotebookApp] Notebook Probing_GIN_SA.ipynb is not trusted
